[SCL] 08/26/2026 23:27:35 PID:52940 Client:bhawani.iitg.ac.in Authorization failed Synopsys-Release 2022.03
[SCL] 08/26/2026 23:27:36 PID:52940 Client:bhawani.iitg.ac.in Server:27020@14.139.1.126 Authorization succeeded Design-Compiler 2022.03
[SCL] 08/26/2026 23:27:36 Checking status for feature Design-Compiler
[SCL] 08/26/2026 23:27:36 PID:52940 Client:bhawani.iitg.ac.in Server:27020@14.139.1.126 Checkout succeeded Design-Compiler 2022.03
[SCL] 08/26/2026 23:27:36 PID:52940 Client:bhawani.iitg.ac.in Authorization failed Synopsys 2022.03
[SCL] 08/26/2026 23:27:36 PID:52940 Client:bhawani.iitg.ac.in Authorization failed DC-Debug 2022.03
[SCL] 08/26/2026 23:27:37 PID:52940 Client:bhawani.iitg.ac.in Authorization failed DC-NXT-DPX-Beta 2022.03

                           Design Compiler Graphical 
                                 DC Ultra (TM)
                                  DFTMAX (TM)
                              Power Compiler (TM)
                                 DesignWare (R)
                                 DC Expert (TM)
                               Design Vision (TM)
                               HDL Compiler (TM)
                               VHDL Compiler (TM)
                                  DFT Compiler
                               Design Compiler(R)

               Version T-2022.03-SP5 for linux64 - Oct 11, 2022 

                    Copyright (c) 1988 - 2022 Synopsys, Inc.
   This software and the associated documentation are proprietary to Synopsys,
 Inc. This software may only be used in accordance with the terms and conditions
 of a written license agreement with Synopsys, Inc. All other use, reproduction,
   or distribution of this software is strictly prohibited.  Licensed Products
     communicate with Synopsys servers for the purpose of providing software
    updates, detecting software piracy and verifying that customers are using
    Licensed Products in conformity with the applicable License Key for such
  Licensed Products. Synopsys will use information gathered in connection with
    this process to deliver software updates and pursue software pirates and
                                   infringers.

 Inclusivity & Diversity - Visit SolvNetPlus to read the "Synopsys Statement on
            Inclusivity and Diversity" (Refer to article 000036315 at
                        https://solvnetplus.synopsys.com)
Initializing...
[SCL] 08/26/2026 23:27:37 PID:52940 Client:bhawani.iitg.ac.in Server:27020@14.139.1.126 Authorization succeeded DC-Expert 2022.03
# 1. Setup SCL 180nm Library Paths
# (Pointing to the SCL 180nm library you located on the server)
# 1. Library Setup (Using your confirmed SCL 180nm paths)
set target_library "/home/DDF_workshop/SCL_PDK_v2/scl_pdk_v2/stdlib/fs120/liberty/lib_flow_ss/tsl18fs120_scl_ss.db"
/home/DDF_workshop/SCL_PDK_v2/scl_pdk_v2/stdlib/fs120/liberty/lib_flow_ss/tsl18fs120_scl_ss.db
set link_library "* /home/DDF_workshop/SCL_PDK_v2/scl_pdk_v2/stdlib/fs120/liberty/lib_flow_ss/tsl18fs120_scl_ss.db"
* /home/DDF_workshop/SCL_PDK_v2/scl_pdk_v2/stdlib/fs120/liberty/lib_flow_ss/tsl18fs120_scl_ss.db
# 2. Read all three RTL files (Dependencies first, then Top module)
analyze -format verilog {../rtl/bf16_adder.v ../rtl/bf16_multiplier.v ../rtl/bf16_mac.v}
Running PRESTO HDLC
[SCL] 08/26/2026 23:27:38 Checking status for feature HDL-Compiler
[SCL] 08/26/2026 23:27:38 PID:52940 Client:bhawani.iitg.ac.in Server:27020@14.139.1.126 Checkout succeeded HDL-Compiler 2022.03
Compiling source file ../rtl/bf16_adder.v
Compiling source file ../rtl/bf16_multiplier.v
Compiling source file ../rtl/bf16_mac.v
Presto compilation completed successfully.
Loading db file '/home/DDF_workshop/SCL_PDK_v2/scl_pdk_v2/stdlib/fs120/liberty/lib_flow_ss/tsl18fs120_scl_ss.db'
1
elaborate bf16_mac
Loading db file '/home/Synopsys_tools/syn/T-2022.03-SP5/libraries/syn/gtech.db'
Loading db file '/home/Synopsys_tools/syn/T-2022.03-SP5/libraries/syn/standard.sldb'
  Loading link library 'tsl18fs120_scl_ss'
  Loading link library 'gtech'
Running PRESTO HDLC

Statistics for case statements in always block at line 67 in file
	'../rtl/bf16_mac.v'
===============================================
|           Line           |  full/ parallel  |
===============================================
|            69            |    auto/auto     |
===============================================

Statistics for case statements in always block at line 84 in file
	'../rtl/bf16_mac.v'
===============================================
|           Line           |  full/ parallel  |
===============================================
|           100            |     no/auto      |
===============================================

Inferred memory devices in process
	in routine bf16_mac line 59 in file
		'../rtl/bf16_mac.v'.
===============================================================================
|    Register Name    |   Type    | Width | Bus | MB | AR | AS | SR | SS | ST |
===============================================================================
|      state_reg      | Flip-flop |   3   |  Y  | N  | Y  | N  | N  | N  | N  |
===============================================================================

Inferred memory devices in process
	in routine bf16_mac line 84 in file
		'../rtl/bf16_mac.v'.
===============================================================================
|    Register Name    |   Type    | Width | Bus | MB | AR | AS | SR | SS | ST |
===============================================================================
|      done_reg       | Flip-flop |   1   |  N  | N  | Y  | N  | N  | N  | N  |
|        y_reg        | Flip-flop |  16   |  Y  | N  | Y  | N  | N  | N  | N  |
|    sum_start_reg    | Flip-flop |   1   |  N  | N  | Y  | N  | N  | N  | N  |
|    mul_start_reg    | Flip-flop |   1   |  N  | N  | Y  | N  | N  | N  | N  |
|       acc_reg       | Flip-flop |  16   |  Y  | N  | Y  | N  | N  | N  | N  |
|    prod_reg_reg     | Flip-flop |  16   |  Y  | N  | Y  | N  | N  | N  | N  |
===============================================================================
Presto compilation completed successfully. (bf16_mac)
Elaborated 1 design.
Current design is now 'bf16_mac'.
Information: Building the design 'bf16_multiplier'. (HDL-193)
Warning:  ../rtl/bf16_multiplier.v:128: signed to unsigned part selection occurs. (VER-318)

Statistics for case statements in always block at line 64 in file
	'../rtl/bf16_multiplier.v'
===============================================
|           Line           |  full/ parallel  |
===============================================
|            66            |    auto/auto     |
===============================================

Statistics for case statements in always block at line 78 in file
	'../rtl/bf16_multiplier.v'
===============================================
|           Line           |  full/ parallel  |
===============================================
|            96            |     no/auto      |
===============================================

Inferred memory devices in process
	in routine bf16_multiplier line 58 in file
		'../rtl/bf16_multiplier.v'.
===============================================================================
|    Register Name    |   Type    | Width | Bus | MB | AR | AS | SR | SS | ST |
===============================================================================
|      state_reg      | Flip-flop |   3   |  Y  | N  | Y  | N  | N  | N  | N  |
===============================================================================

Inferred memory devices in process
	in routine bf16_multiplier line 78 in file
		'../rtl/bf16_multiplier.v'.
===============================================================================
|    Register Name    |   Type    | Width | Bus | MB | AR | AS | SR | SS | ST |
===============================================================================
|      e_tmp_reg      | Flip-flop |  11   |  Y  | N  | Y  | N  | N  | N  | N  |
|      done_reg       | Flip-flop |   1   |  N  | N  | Y  | N  | N  | N  | N  |
|       mb_reg        | Flip-flop |   8   |  Y  | N  | Y  | N  | N  | N  | N  |
|       sy_reg        | Flip-flop |   1   |  N  | N  | Y  | N  | N  | N  | N  |
|       my_reg        | Flip-flop |   7   |  Y  | N  | Y  | N  | N  | N  | N  |
|        y_reg        | Flip-flop |  16   |  Y  | N  | Y  | N  | N  | N  | N  |
|       ey_reg        | Flip-flop |   8   |  Y  | N  | Y  | N  | N  | N  | N  |
|       ma_reg        | Flip-flop |   8   |  Y  | N  | Y  | N  | N  | N  | N  |
|      prod_reg       | Flip-flop |   9   |  Y  | N  | Y  | N  | N  | N  | N  |
===============================================================================
Presto compilation completed successfully. (bf16_multiplier)
Information: Building the design 'bf16_adder'. (HDL-193)

Statistics for case statements in always block at line 84 in file
	'../rtl/bf16_adder.v'
===============================================
|           Line           |  full/ parallel  |
===============================================
|            86            |    auto/auto     |
===============================================

Statistics for case statements in always block at line 111 in file
	'../rtl/bf16_adder.v'
===============================================
|           Line           |  full/ parallel  |
===============================================
|           132            |    auto/auto     |
===============================================

Inferred memory devices in process
	in routine bf16_adder line 76 in file
		'../rtl/bf16_adder.v'.
===============================================================================
|    Register Name    |   Type    | Width | Bus | MB | AR | AS | SR | SS | ST |
===============================================================================
|      state_reg      | Flip-flop |   3   |  Y  | N  | Y  | N  | N  | N  | N  |
===============================================================================

Inferred memory devices in process
	in routine bf16_adder line 111 in file
		'../rtl/bf16_adder.v'.
===============================================================================
|    Register Name    |   Type    | Width | Bus | MB | AR | AS | SR | SS | ST |
===============================================================================
|       sb_reg        | Flip-flop |   1   |  N  | N  | Y  | N  | N  | N  | N  |
|      mant_reg       | Flip-flop |   9   |  Y  | N  | Y  | N  | N  | N  | N  |
|     do_sub_reg      | Flip-flop |   1   |  N  | N  | Y  | N  | N  | N  | N  |
|       sy_reg        | Flip-flop |   1   |  N  | N  | Y  | N  | N  | N  | N  |
|    m_sml_al_reg     | Flip-flop |   8   |  Y  | N  | Y  | N  | N  | N  | N  |
|      s_big_reg      | Flip-flop |   1   |  N  | N  | Y  | N  | N  | N  | N  |
|      m_big_reg      | Flip-flop |   8   |  Y  | N  | Y  | N  | N  | N  | N  |
|       mb_reg        | Flip-flop |   8   |  Y  | N  | Y  | N  | N  | N  | N  |
|       ey_reg        | Flip-flop |   8   |  Y  | N  | Y  | N  | N  | N  | N  |
|       ea_reg        | Flip-flop |   8   |  Y  | N  | Y  | N  | N  | N  | N  |
|       eb_reg        | Flip-flop |   8   |  Y  | N  | Y  | N  | N  | N  | N  |
|       ma_reg        | Flip-flop |   8   |  Y  | N  | Y  | N  | N  | N  | N  |
|    norm_cnt_reg     | Flip-flop |   4   |  Y  | N  | Y  | N  | N  | N  | N  |
|      done_reg       | Flip-flop |   1   |  N  | N  | Y  | N  | N  | N  | N  |
|        y_reg        | Flip-flop |  16   |  Y  | N  | Y  | N  | N  | N  | N  |
|       sa_reg        | Flip-flop |   1   |  N  | N  | Y  | N  | N  | N  | N  |
===============================================================================
Presto compilation completed successfully. (bf16_adder)
1
current_design bf16_mac
Current design is 'bf16_mac'.
{bf16_mac}
link

  Linking design 'bf16_mac'
  Using the following designs and libraries:
  --------------------------------------------------------------------------
  * (3 designs)               /storage/DDF_user45/projects/3_bf16_mac/synth/bf16_mac.db, etc
  tsl18fs120_scl_ss (library) /home/DDF_workshop/SCL_PDK_v2/scl_pdk_v2/stdlib/fs120/liberty/lib_flow_ss/tsl18fs120_scl_ss.db

1
check_design
 
****************************************
check_design summary:
Version:     T-2022.03-SP5
Date:        Wed Aug 26 23:27:39 2026
****************************************

                   Name                                            Total
--------------------------------------------------------------------------------
Cells                                                               8
    Cells do not drive (LINT-1)                                     8
--------------------------------------------------------------------------------

Warning: In design 'bf16_multiplier', cell 'C533' does not drive any nets. (LINT-1)
Warning: In design 'bf16_multiplier', cell 'C535' does not drive any nets. (LINT-1)
Warning: In design 'bf16_multiplier', cell 'C539' does not drive any nets. (LINT-1)
Warning: In design 'bf16_adder', cell 'B_20' does not drive any nets. (LINT-1)
Warning: In design 'bf16_adder', cell 'C853' does not drive any nets. (LINT-1)
Warning: In design 'bf16_adder', cell 'C854' does not drive any nets. (LINT-1)
Warning: In design 'bf16_adder', cell 'C865' does not drive any nets. (LINT-1)
Warning: In design 'bf16_adder', cell 'C869' does not drive any nets. (LINT-1)
1
# 3. Define Clock & Timing Constraints (Targeting 500MHz)
#create_clock -name clk -period 2.0 [get_ports clk]
# since max freq is 278.5 running it at slower freq to avoid slack
create_clock -name clk -period 4.0 [get_ports clk]
1
set_input_delay -max 0.2 -clock clk [all_inputs]
1
set_output_delay -max 0.2 -clock clk [all_outputs]
1
# 4. Synthesize to Gates
compile_ultra
Loading db file '/home/Synopsys_tools/syn/T-2022.03-SP5/libraries/syn/dw_foundation.sldb'
Warning: DesignWare synthetic library dw_foundation.sldb is added to the synthetic_library in the current command. (UISN-40)
Information: Performing power optimization. (PWR-850)
Alib files are up-to-date.
[SCL] 08/26/2026 23:27:39 Checking status for feature DC-Expert
[SCL] 08/26/2026 23:27:39 PID:52940 Client:bhawani.iitg.ac.in Server:27020@14.139.1.126 Checkout succeeded DC-Expert 2022.03
[SCL] 08/26/2026 23:27:39 Checking status for feature DC-Ultra-Opt
[SCL] 08/26/2026 23:27:39 PID:52940 Client:bhawani.iitg.ac.in Server:27020@14.139.1.126 Checkout succeeded DC-Ultra-Opt 2022.03
[SCL] 08/26/2026 23:27:39 Checking status for feature DC-Ultra-Features
[SCL] 08/26/2026 23:27:39 PID:52940 Client:bhawani.iitg.ac.in Server:27020@14.139.1.126 Checkout succeeded DC-Ultra-Features 2022.03
[SCL] 08/26/2026 23:27:40 PID:52940 Client:bhawani.iitg.ac.in Server:27020@14.139.1.126 Authorization succeeded DesignWare 2022.03
[SCL] 08/26/2026 23:27:40 Checking status for feature DesignWare
[SCL] 08/26/2026 23:27:40 PID:52940 Client:bhawani.iitg.ac.in Server:27020@14.139.1.126 Checkout succeeded DesignWare 2022.03
[SCL] 08/26/2026 23:27:40 PID:52940 Client:bhawani.iitg.ac.in Authorization failed DesignWare-Foundation-Ultra 2022.03
Information: Evaluating DesignWare library utilization. (UISN-27)

============================================================================
| DesignWare Building Block Library  |         Version         | Available |
============================================================================
| Basic DW Building Blocks           | T-2022.03-DWBB_202203.4 |     *     |
| Licensed DW Building Blocks        | T-2022.03-DWBB_202203.4 |     *     |
============================================================================

====================================================================================================
| Flow Information                                                                                 |
----------------------------------------------------------------------------------------------------
| Flow         | Design Compiler WLM                                                               |
| Comand Line  | compile_ultra                                                                     |
====================================================================================================
| Design Information                                      | Value                                  |
====================================================================================================
| Number of Scenarios                                     | 0                                      |
| Leaf Cell Count                                         | 524                                    |
| Number of User Hierarchies                              | 2                                      |
| Sequential Cell Count                                   | 220                                    |
| Macro Count                                             | 0                                      |
| Number of Power Domains                                 | 0                                      |
| Number of Path Groups                                   | 2                                      |
| Number of VT Class                                      | 0                                      |
| Number of Clocks                                        | 1                                      |
| Number of Dont Touch Cells                              | 129                                    |
| Number of Dont Touch Nets                               | 0                                      |
| Number of Size Only Cells                               | 0                                      |
| Design with UPF Data                                    | false                                  |
====================================================================================================
Information: Sequential output inversion is enabled.  SVF file must be used for formal verification. (OPT-1208)

Information: There are 8 potential problems in your design. Please run 'check_design' for more information. (LINT-99)

  Simplifying Design 'bf16_mac'

Loaded alib file './alib-52/tsl18fs120_scl_ss.db.alib'
  Building model 'DW01_NAND2'
Information: Ungrouping hierarchy mul4 before Pass 1 (OPT-776)
Information: Ungrouping hierarchy add4 before Pass 1 (OPT-776)
Information: Ungrouping 2 of 3 hierarchies before Pass 1 (OPT-775)
Information: State dependent leakage is now switched from on to off.

  Beginning Pass 1 Mapping
  ------------------------
  Processing 'bf16_mac'
Information: Added key list 'DesignWare' to design 'bf16_mac'. (DDB-72)
Information: In design 'bf16_mac', the register 'mul4/mb_reg[7]' is removed because it is merged to 'mul4/ma_reg[7]'. (OPT-1215)
Information: In design 'bf16_mac', the register 'y_reg[1]' is removed because it is merged to 'acc_reg[1]'. (OPT-1215)
Information: In design 'bf16_mac', the register 'add4/mb_reg[7]' is removed because it is merged to 'add4/ma_reg[7]'. (OPT-1215)
Information: In design 'bf16_mac', the register 'y_reg[15]' is removed because it is merged to 'acc_reg[15]'. (OPT-1215)
Information: In design 'bf16_mac', the register 'y_reg[0]' is removed because it is merged to 'acc_reg[0]'. (OPT-1215)
Information: In design 'bf16_mac', the register 'y_reg[6]' is removed because it is merged to 'acc_reg[6]'. (OPT-1215)
Information: In design 'bf16_mac', the register 'y_reg[5]' is removed because it is merged to 'acc_reg[5]'. (OPT-1215)
Information: In design 'bf16_mac', the register 'y_reg[4]' is removed because it is merged to 'acc_reg[4]'. (OPT-1215)
Information: In design 'bf16_mac', the register 'y_reg[3]' is removed because it is merged to 'acc_reg[3]'. (OPT-1215)
Information: In design 'bf16_mac', the register 'y_reg[2]' is removed because it is merged to 'acc_reg[2]'. (OPT-1215)
Information: In design 'bf16_mac', the register 'y_reg[14]' is removed because it is merged to 'acc_reg[14]'. (OPT-1215)
Information: In design 'bf16_mac', the register 'y_reg[13]' is removed because it is merged to 'acc_reg[13]'. (OPT-1215)
Information: In design 'bf16_mac', the register 'y_reg[12]' is removed because it is merged to 'acc_reg[12]'. (OPT-1215)
Information: In design 'bf16_mac', the register 'y_reg[11]' is removed because it is merged to 'acc_reg[11]'. (OPT-1215)
Information: In design 'bf16_mac', the register 'y_reg[10]' is removed because it is merged to 'acc_reg[10]'. (OPT-1215)
Information: In design 'bf16_mac', the register 'y_reg[9]' is removed because it is merged to 'acc_reg[9]'. (OPT-1215)
Information: In design 'bf16_mac', the register 'y_reg[8]' is removed because it is merged to 'acc_reg[8]'. (OPT-1215)
Information: In design 'bf16_mac', the register 'y_reg[7]' is removed because it is merged to 'acc_reg[7]'. (OPT-1215)
 Implement Synthetic for 'bf16_mac'.

  Updating timing information
Information: Updating design information... (UID-85)

  Beginning Mapping Optimizations  (Ultra High effort)
  -------------------------------
Information: The register 'mul4/e_tmp_reg[10]' will be removed. (OPT-1207)
Information: The register 'mul4/e_tmp_reg[9]' will be removed. (OPT-1207)
Information: The register 'mul4/e_tmp_reg[8]' will be removed. (OPT-1207)
  Mapping Optimization (Phase 1)

                                  TOTAL                                                
   ELAPSED            WORST NEG   SETUP    DESIGN                              LEAKAGE 
    TIME      AREA      SLACK     COST    RULE COST         ENDPOINT            POWER  
  --------- --------- --------- --------- --------- ------------------------- ---------
    0:00:05   38075.8      0.98      14.8       0.0                           666135.6875
    0:00:05   38013.0      0.98      14.8       0.0                           665301.7500

  Beginning Constant Register Removal
  -----------------------------------
    0:00:05   38013.0      0.98      14.8       0.0                           665301.7500
    0:00:05   38013.0      0.98      14.8       0.0                           665301.7500

  Beginning Global Optimizations
  ------------------------------
  Numerical Synthesis (Phase 1)
  Numerical Synthesis (Phase 2)
  Global Optimization (Phase 1)
  Global Optimization (Phase 2)
  Global Optimization (Phase 3)
  Global Optimization (Phase 4)
  Global Optimization (Phase 5)
  Global Optimization (Phase 6)
  Global Optimization (Phase 7)
  Global Optimization (Phase 8)
  Global Optimization (Phase 9)
  Global Optimization (Phase 10)
  Global Optimization (Phase 11)
  Global Optimization (Phase 12)
  Global Optimization (Phase 13)
  Global Optimization (Phase 14)
  Global Optimization (Phase 15)
  Global Optimization (Phase 16)
  Global Optimization (Phase 17)
  Global Optimization (Phase 18)
  Global Optimization (Phase 19)
  Global Optimization (Phase 20)
  Global Optimization (Phase 21)
  Global Optimization (Phase 22)
  Global Optimization (Phase 23)
  Global Optimization (Phase 24)
  Global Optimization (Phase 25)
  Global Optimization (Phase 26)
  Global Optimization (Phase 27)
  Global Optimization (Phase 28)
  Global Optimization (Phase 29)
  Global Optimization (Phase 30)
  Global Optimization (Phase 31)
  Mapping 'bf16_mac_DW_mult_uns_2'

  Beginning Isolate Ports
  -----------------------

  Beginning Delay Optimization
  ----------------------------
    0:00:06   32316.7      1.23      14.3      13.0                           501693.9375
    0:00:08   35647.5      0.19       2.2      13.1                           601781.5625
    0:00:08   35647.5      0.19       2.2      13.1                           601781.5625
    0:00:09   35660.1      0.19       2.2      12.8                           603240.5625
    0:00:09   35609.9      0.19       2.2      12.8                           602527.9375
    0:00:09   35609.9      0.19       2.2      12.8                           602527.9375

  Beginning WLM Backend Optimization
  --------------------------------------
    0:00:09   35079.8      0.24       2.8      21.3                           575358.6875
    0:00:09   35104.9      0.23       2.3      21.3                           576880.6250
    0:00:09   35104.9      0.23       2.3      21.3                           576880.6250
    0:00:09   35195.9      0.23       2.2      21.3                           580684.4375
    0:00:09   35195.9      0.23       2.2      21.3                           580684.4375
    0:00:12   36971.2      0.03       0.1      24.9                           591153.0625
    0:00:12   36971.2      0.03       0.1      24.9                           591153.0625
    0:00:12   36983.7      0.00       0.0      24.8                           592265.5000
    0:00:12   36983.7      0.00       0.0      24.8                           592265.5000
    0:00:12   36983.7      0.00       0.0      24.8                           592265.5000
    0:00:12   36983.7      0.00       0.0      24.8                           592265.5000
    0:00:12   36983.7      0.00       0.0      24.8                           592265.5000
    0:00:12   36983.7      0.00       0.0      24.8                           592265.5000
    0:00:12   36983.7      0.00       0.0      24.8                           592265.5000
    0:00:12   36983.7      0.00       0.0      24.8                           592265.5000
    0:00:12   36983.7      0.00       0.0      24.8                           592265.5000
    0:00:12   36983.7      0.00       0.0      24.8                           592265.5000
    0:00:12   36983.7      0.00       0.0      24.8                           592265.5000
    0:00:12   36983.7      0.00       0.0      24.8                           592265.5000
    0:00:12   36983.7      0.00       0.0      24.8                           592265.5000
    0:00:12   36983.7      0.00       0.0      24.8                           592265.5000
    0:00:12   36983.7      0.00       0.0      24.8                           592265.5000


  Beginning Design Rule Fixing  (max_transition)  (max_capacitance)
  ----------------------------

                                  TOTAL                                                
   ELAPSED            WORST NEG   SETUP    DESIGN                              LEAKAGE 
    TIME      AREA      SLACK     COST    RULE COST         ENDPOINT            POWER  
  --------- --------- --------- --------- --------- ------------------------- ---------
    0:00:12   36983.7      0.00       0.0      24.8                           592265.5000
  Global Optimization (Phase 32)
  Global Optimization (Phase 33)
  Global Optimization (Phase 34)
    0:00:12   36993.1      0.00       0.0       0.0                           591580.8750
    0:00:12   36993.1      0.00       0.0       0.0                           591580.8750


  Beginning Leakage Power Optimization  (max_leakage_power 0)
  ------------------------------------

                                  TOTAL                                                
   ELAPSED            WORST NEG   SETUP    DESIGN                              LEAKAGE 
    TIME      AREA      SLACK     COST    RULE COST         ENDPOINT            POWER  
  --------- --------- --------- --------- --------- ------------------------- ---------
    0:00:12   36993.1      0.00       0.0       0.0                           591580.8750
  Global Optimization (Phase 35)
  Global Optimization (Phase 36)
  Global Optimization (Phase 37)
  Global Optimization (Phase 38)
  Global Optimization (Phase 39)
  Global Optimization (Phase 40)
  Global Optimization (Phase 41)
  Global Optimization (Phase 42)
  Global Optimization (Phase 43)
  Global Optimization (Phase 44)
  Global Optimization (Phase 45)
  Global Optimization (Phase 46)
  Global Optimization (Phase 47)
  Global Optimization (Phase 48)
  Global Optimization (Phase 49)
    0:00:12   35421.6      0.00       0.0       0.0                           523987.9375
    0:00:12   35421.6      0.00       0.0       0.0                           523987.9375
    0:00:12   35421.6      0.00       0.0       0.0                           523987.9375
    0:00:13   35286.7      0.00       0.0       0.0                           520896.7500
    0:00:13   35286.7      0.00       0.0       0.0                           520896.7500
    0:00:13   35286.7      0.00       0.0       0.0                           520896.7500
    0:00:13   35286.7      0.00       0.0       0.0                           520896.7500
    0:00:13   35286.7      0.00       0.0       0.0                           520896.7500
    0:00:13   35286.7      0.00       0.0       0.0                           520896.7500
    0:00:13   35286.7      0.00       0.0       0.0                           520896.7500
    0:00:13   35286.7      0.00       0.0       0.0                           520896.7500
    0:00:13   35286.7      0.00       0.0       0.0                           520896.7500
    0:00:13   35286.7      0.00       0.0       0.0                           520896.7500
    0:00:13   35286.7      0.00       0.0       0.0                           520896.7500
    0:00:13   35286.7      0.00       0.0       0.0                           520896.7500
    0:00:13   35286.7      0.00       0.0       0.0                           520896.7500
    0:00:13   35286.7      0.00       0.0       0.0                           520896.7500
    0:00:13   35286.7      0.00       0.0       0.0                           520896.7500
    0:00:13   35286.7      0.00       0.0       0.0                           520896.7500
    0:00:13   35286.7      0.00       0.0       0.0                           520896.7500
    0:00:13   35286.7      0.00       0.0       0.0                           520896.7500
    0:00:13   35286.7      0.00       0.0       0.0                           520896.7500

                                  TOTAL                                                
   ELAPSED            WORST NEG   SETUP    DESIGN                              LEAKAGE 
    TIME      AREA      SLACK     COST    RULE COST         ENDPOINT            POWER  
  --------- --------- --------- --------- --------- ------------------------- ---------
    0:00:13   35286.7      0.00       0.0       0.0                           520896.7500
    0:00:13   34904.2      0.02       0.0       0.0                           517929.4062
    0:00:13   34938.7      0.00       0.0       0.0                           519498.9375
    0:00:13   34938.7      0.00       0.0       0.0                           519498.9375
    0:00:13   34923.0      0.00       0.0       0.0                           519140.3438
    0:00:13   34872.8      0.00       0.0       0.0                           516195.2188
    0:00:13   34872.8      0.00       0.0       0.0                           516195.2188
    0:00:13   34872.8      0.00       0.0       0.0                           516195.2188
    0:00:13   34872.8      0.00       0.0       0.0                           516195.2188
    0:00:13   34872.8      0.00       0.0       0.0                           516195.2188
    0:00:13   34872.8      0.00       0.0       0.0                           516195.2188
    0:00:13   34455.7      0.00       0.0       0.0                           500423.8438
Loading db file '/home/DDF_workshop/SCL_PDK_v2/scl_pdk_v2/stdlib/fs120/liberty/lib_flow_ss/tsl18fs120_scl_ss.db'


Note: Symbol # after min delay cost means estimated hold TNS across all active scenarios 


  Optimization Complete
  ---------------------
[SCL] 08/26/2026 23:27:55 PID:52940 Client:bhawani.iitg.ac.in checkin electromigration_drc 
Information: State dependent leakage is now switched from off to on.
Information: Propagating switching activity (low effort zero delay simulation). (PWR-6)
1
# 5. Extract Resume Metrics (Fmax, Area, Power)
report_timing > bf16_timing.rpt
report_area   > bf16_area.rpt
report_power  > bf16_power.rpt
# 6. Save Backend Inputs for Cadence Innovus
write_file -format verilog -hierarchy -output bf16_mac_netlist.v
Writing verilog file '/storage/DDF_user45/projects/3_bf16_mac/synth/bf16_mac_netlist.v'.
Warning: Verilog 'assign' or 'tran' statements are written out. (VO-4)
1
write_sdc bf16_mac.sdc
1
# Optional: start_GUI if you want to view the schematic
exit

Memory usage for this session 203 Mbytes.
Memory usage for this session including child processes 203 Mbytes.
CPU usage for this session 17 seconds ( 0.00 hours ).
Elapsed time for this session 22 seconds ( 0.01 hours ).

Thank you...
